// Jest Snapshot v1, https://goo.gl/fbAQLP

exports[`countWords should 1`] = `
Object {
  "la": 3,
}
`;
